<html>
<body>
<pre>
<h1>µVision Build Log</h1>
<h2>Project:</h2>
C:\Keil\EECS 3100ware\Project Templates\Lab8_DAC\Lab8.uvproj
Project File Date:  06/27/2017

<h2>Output:</h2>
Build target 'Lab8'
linking...
Program Size: Code=6428 RO-data=9624 RW-data=88 ZI-data=1816  
".\Lab8.axf" - 0 Error(s), 0 Warning(s).
Load "C:\\Keil\\EECS 3100ware\\Project Templates\\Lab8_DAC\\Lab8.axf" 
Connecting: Mode=JTAG, Speed=1000000Hz
Connection failed!, error code=&d
Error: Flash Download failed  -  Target DLL has been cancelled
Load "C:\\Keil\\EECS 3100ware\\Project Templates\\Lab8_DAC\\Lab8.axf" 
Connecting: Mode=JTAG, Speed=1000000Hz
Erase Done.
Programming Done.
Verify OK.
Connecting: Mode=JTAG, Speed=1000000Hz
Full Chip Erase Done.
Clean started: Project: 'Lab8'
   deleting intermediate output files for target 'Lab8'
</pre>
</body>
</html>
